Hint: used config file '/usr/lib64/nim/config/nim.cfg' [Conf]
Hint: used config file '/usr/lib64/nim/config/config.nims' [Conf]
Hint: used config file '/home/ageralis/Projects/scam-detector-multiagent-v2/clean-design-rewrite/deps/brian/bench/config.nims' [Conf]
....................................................................................................................................
Hint: codegen mm: arc; threads: on; opt: speed; options: -d:release
75125 lines; 0.327s; 72.988MiB peakmem; proj: /home/ageralis/Projects/scam-detector-multiagent-v2/clean-design-rewrite/deps/brian/bench/float_coverage.nim; out: /tmp/rv-arm8/arm32-coverage-cache [SuccessX]
CC: system/exceptions.nim
CC: std/private/digitsutils.nim
CC: std/assertions.nim
CC: system/dollars.nim
CC: std/typedthreads.nim
CC: std/syncio.nim
CC: system.nim
CC: math.nim
CC: parseutils.nim
CC: std/envvars.nim
CC: unicode.nim
CC: strutils.nim
CC: std/private/oscommon.nim
CC: std/private/ospaths2.nim
CC: hashes.nim
CC: tables.nim
CC: brian_float_powers.nim
CC: brian_float.nim
CC: times.nim
CC: std/cmdline.nim
CC: streams.nim
CC: lexbase.nim
CC: parsejson.nim
CC: json.nim
CC: float_coverage.nim
Hint:  [Link]
Hint: mm: arc; threads: on; opt: speed; options: -d:release
21584 lines; 0.930s; 20.035MiB peakmem; proj: /home/ageralis/Projects/scam-detector-multiagent-v2/clean-design-rewrite/deps/brian/bench/float_coverage.nim; out: /tmp/rv-arm8/arm32-coverage [SuccessX]
